#
# There is insufficient memory for the Java Runtime Environment to continue.
# Native memory allocation (malloc) failed to allocate 65552 bytes. Error detail: Chunk::new
# Possible reasons:
#   The system is out of physical RAM or swap space
#   This process is running with CompressedOops enabled, and the Java Heap may be blocking the growth of the native heap
# Possible solutions:
#   Reduce memory load on the system
#   Increase physical memory or swap space
#   Check if swap backing store is full
#   Decrease Java heap size (-Xmx/-Xms)
#   Decrease number of Java threads
#   Decrease Java thread stack sizes (-Xss)
#   Set larger code cache with -XX:ReservedCodeCacheSize=
#   JVM is running with Unscaled Compressed Oops mode in which the Java heap is
#     placed in the first 4GB address space. The Java Heap base address is the
#     maximum limit for the native heap growth. Please use -XX:HeapBaseMinAddress
#     to set the Java Heap base and to place the Java Heap above 4GB virtual address.
# This output file may be truncated or incomplete.
#
#  Out of Memory Error (arena.cpp:168), pid=16936, tid=19964
#
# JRE version: OpenJDK Runtime Environment Temurin-21.0.11+10 (21.0.11+10) (build 21.0.11+10-LTS)
# Java VM: OpenJDK 64-Bit Server VM Temurin-21.0.11+10 (21.0.11+10-LTS, mixed mode, sharing, tiered, compressed oops, compressed class ptrs, parallel gc, windows-amd64)
# No core dump will be written. Minidumps are not enabled by default on client versions of Windows
#

---------------  S U M M A R Y ------------

Command Line: --add-modules=ALL-SYSTEM --add-opens=java.base/java.util=ALL-UNNAMED --add-opens=java.base/java.lang=ALL-UNNAMED --add-opens=java.base/sun.nio.fs=ALL-UNNAMED -Declipse.application=org.eclipse.jdt.ls.core.id1 -Dosgi.bundles.defaultStartLevel=4 -Declipse.product=org.eclipse.jdt.ls.core.product -Djava.import.generatesMetadataFilesAtProjectRoot=false -DDetectVMInstallationsJob.disabled=true -Dfile.encoding=utf8 -XX:+UseParallelGC -XX:GCTimeRatio=4 -XX:AdaptiveSizePolicyWeight=90 -Dsun.zip.disableMemoryMapping=true -Xmx2G -Xms100m -Xlog:disable -javaagent:c:\Users\Jaswanth Maddi\.vscode\extensions\redhat.java-1.55.0-win32-x64\lombok\lombok-1.18.39-4050.jar -XX:+HeapDumpOnOutOfMemoryError -XX:HeapDumpPath=c:\Users\Jaswanth Maddi\AppData\Roaming\Code\User\workspaceStorage\32d9f4f78d943bf75b962dcedb8b0335\redhat.java -Daether.dependencyCollector.impl=bf c:\Users\Jaswanth Maddi\.vscode\extensions\redhat.java-1.55.0-win32-x64\server\plugins\org.eclipse.equinox.launcher_1.7.200.v20260619-2039.jar -configuration c:\Users\Jaswanth Maddi\AppData\Roaming\Code\User\globalStorage\redhat.java\1.55.0\config_win -data c:\Users\Jaswanth Maddi\AppData\Roaming\Code\User\workspaceStorage\32d9f4f78d943bf75b962dcedb8b0335\redhat.java\jdt_ws --pipe=\\.\pipe\lsp-5b840f221d121e517b45d16531610533-sock

Host: 12th Gen Intel(R) Core(TM) i7-1260P, 16 cores, 15G,  Windows 11 , 64 bit Build 26100 (10.0.26100.8972)
Time: Wed Aug 19 10:50:46 2026 India Standard Time elapsed time: 0.518437 seconds (0d 0h 0m 0s)

---------------  T H R E A D  ---------------

Current thread (0x0000023b62cf8af0):  JavaThread "C2 CompilerThread1" daemon [_thread_in_native, id=19964, stack(0x000000486f000000,0x000000486f100000) (1024K)]


Current CompileTask:
C2:518  709       4       lombok.patcher.PatchScript::classMatches (41 bytes)

Stack: [0x000000486f000000,0x000000486f100000]
Native frames: (J=compiled Java code, j=interpreted, Vv=VM code, C=native code)
V  [jvm.dll+0x6d7e19]
V  [jvm.dll+0x8b5096]
V  [jvm.dll+0x8b764e]
V  [jvm.dll+0x8b7d33]
V  [jvm.dll+0x284596]
V  [jvm.dll+0xc685d]
V  [jvm.dll+0xc6da1]
V  [jvm.dll+0x6fee75]
V  [jvm.dll+0x6ff2d5]
V  [jvm.dll+0x70150d]
V  [jvm.dll+0x6ff8c3]
V  [jvm.dll+0x255da3]
V  [jvm.dll+0x24e3bf]
V  [jvm.dll+0x24bbe6]
V  [jvm.dll+0x1cb4ae]
V  [jvm.dll+0x25baad]
V  [jvm.dll+0x25a03a]
V  [jvm.dll+0x3f868e]
V  [jvm.dll+0x85fb0d]
V  [jvm.dll+0x6d664d]
C  [ucrtbase.dll+0x2cd30]
C  [KERNEL32.DLL+0x2ccb7]
C  [ntdll.dll+0xaad6c]


---------------  P R O C E S S  ---------------

Threads class SMR info:
_java_thread_list=0x0000023b642b1f10, length=16, elements={
0x0000023b4ac250c0, 0x0000023b4abce330, 0x0000023b4acc75a0, 0x0000023b4acc9fe0,
0x0000023b4accaa40, 0x0000023b4accca00, 0x0000023b4accd460, 0x0000023b4acd1d40,
0x0000023b4acdd0f0, 0x0000023b62aa3340, 0x0000023b62aa56c0, 0x0000023b62bf1840,
0x0000023b62c478a0, 0x0000023b62cf8af0, 0x0000023b62d1d9c0, 0x0000023b642baf90
}

Java Threads: ( => current thread )
  0x0000023b4ac250c0 JavaThread "main"                              [_thread_in_vm, id=8036, stack(0x000000486e000000,0x000000486e100000) (1024K)]
  0x0000023b4abce330 JavaThread "Reference Handler"          daemon [_thread_blocked, id=12988, stack(0x000000486e400000,0x000000486e500000) (1024K)]
  0x0000023b4acc75a0 JavaThread "Finalizer"                  daemon [_thread_blocked, id=2392, stack(0x000000486e500000,0x000000486e600000) (1024K)]
  0x0000023b4acc9fe0 JavaThread "Signal Dispatcher"          daemon [_thread_blocked, id=35300, stack(0x000000486e600000,0x000000486e700000) (1024K)]
  0x0000023b4accaa40 JavaThread "Attach Listener"            daemon [_thread_blocked, id=13684, stack(0x000000486e700000,0x000000486e800000) (1024K)]
  0x0000023b4accca00 JavaThread "Service Thread"             daemon [_thread_blocked, id=2668, stack(0x000000486e800000,0x000000486e900000) (1024K)]
  0x0000023b4accd460 JavaThread "Monitor Deflation Thread"   daemon [_thread_blocked, id=12072, stack(0x000000486e900000,0x000000486ea00000) (1024K)]
  0x0000023b4acd1d40 JavaThread "C2 CompilerThread0"         daemon [_thread_in_native, id=30904, stack(0x000000486ea00000,0x000000486eb00000) (1024K)]
  0x0000023b4acdd0f0 JavaThread "C1 CompilerThread0"         daemon [_thread_blocked, id=2228, stack(0x000000486eb00000,0x000000486ec00000) (1024K)]
  0x0000023b62aa3340 JavaThread "C1 CompilerThread1"         daemon [_thread_blocked, id=24564, stack(0x000000486ec00000,0x000000486ed00000) (1024K)]
  0x0000023b62aa56c0 JavaThread "C1 CompilerThread2"         daemon [_thread_blocked, id=11536, stack(0x000000486ed00000,0x000000486ee00000) (1024K)]
  0x0000023b62bf1840 JavaThread "Common-Cleaner"             daemon [_thread_blocked, id=1628, stack(0x000000486ee00000,0x000000486ef00000) (1024K)]
  0x0000023b62c478a0 JavaThread "C1 CompilerThread3"         daemon [_thread_in_vm, id=35492, stack(0x000000486ef00000,0x000000486f000000) (1024K)]
=>0x0000023b62cf8af0 JavaThread "C2 CompilerThread1"         daemon [_thread_in_native, id=19964, stack(0x000000486f000000,0x000000486f100000) (1024K)]
  0x0000023b62d1d9c0 JavaThread "Notification Thread"        daemon [_thread_blocked, id=25688, stack(0x000000486f100000,0x000000486f200000) (1024K)]
  0x0000023b642baf90 JavaThread "C2 CompilerThread2"         daemon [_thread_in_native, id=15900, stack(0x000000486f200000,0x000000486f300000) (1024K)]
Total: 16

Other Threads:
  0x0000023b4abb4060 VMThread "VM Thread"                           [id=32252, stack(0x000000486e300000,0x000000486e400000) (1024K)]
  0x0000023b4aaaba00 WatcherThread "VM Periodic Task Thread"        [id=13388, stack(0x000000486e200000,0x000000486e300000) (1024K)]
  0x0000023b4ac43a90 WorkerThread "GC Thread#0"                     [id=35232, stack(0x000000486e100000,0x000000486e200000) (1024K)]
Total: 3

Threads with active compile tasks:
C2 CompilerThread0  538  708       4       lombok.patcher.scripts.MethodLevelPatchScript::patch (21 bytes)
C1 CompilerThread2  538  731       3       java.lang.invoke.InvokerBytecodeGenerator::getInternalName (103 bytes)
C2 CompilerThread1  538  709       4       lombok.patcher.PatchScript::classMatches (41 bytes)
C2 CompilerThread2  538  729       4       java.math.BigInteger::implMulAdd (81 bytes)
Total: 4

VM state: not at safepoint (normal execution)

VM Mutex/Monitor currently owned by a thread: None

Heap address: 0x0000000080000000, size: 2048 MB, Compressed Oops mode: 32-bit

CDS archive(s) mapped at: [0x0000023b00000000-0x0000023b00ba0000-0x0000023b00ba0000), size 12189696, SharedBaseAddress: 0x0000023b00000000, ArchiveRelocationMode: 1.
Compressed class space mapped at: 0x0000023b01000000-0x0000023b41000000, reserved size: 1073741824
Narrow klass base: 0x0000023b00000000, Narrow klass shift: 0, Narrow klass range: 0x100000000

GC Precious Log:
 CardTable entry size: 512
 CPUs: 16 total, 16 available
 Memory: 16068M
 Large Page Support: Disabled
 NUMA Support: Disabled
 Compressed Oops: Enabled (32-bit)
 Alignments: Space 512K, Generation 512K, Heap 2M
 Heap Min Capacity: 100M
 Heap Initial Capacity: 100M
 Heap Max Capacity: 2G
 Pre-touch: Disabled
 Parallel Workers: 13

Heap:
 PSYoungGen      total 29696K, used 16090K [0x00000000d5580000, 0x00000000d7680000, 0x0000000100000000)
  eden space 25600K, 62% used [0x00000000d5580000,0x00000000d65368d8,0x00000000d6e80000)
  from space 4096K, 0% used [0x00000000d7280000,0x00000000d7280000,0x00000000d7680000)
  to   space 4096K, 0% used [0x00000000d6e80000,0x00000000d6e80000,0x00000000d7280000)
 ParOldGen       total 68608K, used 0K [0x0000000080000000, 0x0000000084300000, 0x00000000d5580000)
  object space 68608K, 0% used [0x0000000080000000,0x0000000080000000,0x0000000084300000)
 Metaspace       used 2844K, committed 3072K, reserved 1114112K
  class space    used 291K, committed 384K, reserved 1048576K

Card table byte_map: [0x0000023b4a5c0000,0x0000023b4a9d0000] _byte_map_base: 0x0000023b4a1c0000

Marking Bits: (ParMarkBitMap*) 0x00007ffd3bc94460
 Begin Bits: [0x0000023b5d0d0000, 0x0000023b5f0d0000)
 End Bits:   [0x0000023b5f0d0000, 0x0000023b610d0000)

Polling page: 0x0000023b48a00000

Metaspace:

Usage:
  Non-class:      2.49 MB used.
      Class:    291.92 KB used.
       Both:      2.78 MB used.

Virtual space:
  Non-class space:       64.00 MB reserved,       2.62 MB (  4%) committed,  1 nodes.
      Class space:        1.00 GB reserved,     384.00 KB ( <1%) committed,  1 nodes.
             Both:        1.06 GB reserved,       3.00 MB ( <1%) committed. 

Chunk freelists:
   Non-Class:  11.65 MB
       Class:  15.67 MB
        Both:  27.32 MB

MaxMetaspaceSize: unlimited
CompressedClassSpaceSize: 1.00 GB
Initial GC threshold: 21.00 MB
Current GC threshold: 21.00 MB
CDS: on
 - commit_granule_bytes: 65536.
 - commit_granule_words: 8192.
 - virtual_space_node_default_size: 8388608.
 - enlarge_chunks_in_place: 1.
 - use_allocation_guard: 0.


Internal statistics:

num_allocs_failed_limit: 0.
num_arena_births: 82.
num_arena_deaths: 0.
num_vsnodes_births: 2.
num_vsnodes_deaths: 0.
num_space_committed: 48.
num_space_uncommitted: 0.
num_chunks_returned_to_freelist: 0.
num_chunks_taken_from_freelist: 104.
num_chunk_merges: 0.
num_chunk_splits: 73.
num_chunks_enlarged: 47.
num_inconsistent_stats: 0.

CodeHeap 'non-profiled nmethods': size=119168Kb used=255Kb max_used=255Kb free=118913Kb
 bounds [0x0000023b559c0000, 0x0000023b55c30000, 0x0000023b5ce20000]
CodeHeap 'profiled nmethods': size=119104Kb used=1104Kb max_used=1104Kb free=117999Kb
 bounds [0x0000023b4de20000, 0x0000023b4e090000, 0x0000023b55270000]
CodeHeap 'non-nmethods': size=7488Kb used=2871Kb max_used=2885Kb free=4616Kb
 bounds [0x0000023b55270000, 0x0000023b55550000, 0x0000023b559c0000]
CodeCache: size=245760Kb, used=4230Kb, max_used=4244Kb, free=241528Kb
 total_blobs=1175, nmethods=732, adapters=347, full_count=0
Compilation: enabled, stopped_count=0, restarted_count=0

Compilation events (20 events):
Event: 0.501 Thread 0x0000023b4acd1d40  689       4       java.lang.CharacterDataLatin1::digit (32 bytes)
Event: 0.501 Thread 0x0000023b62aa56c0  710       3       sun.security.util.DerInputStream::available (10 bytes)
Event: 0.501 Thread 0x0000023b62aa56c0 nmethod 710 0x0000023b4df29a10 code [0x0000023b4df29ba0, 0x0000023b4df29cb0]
Event: 0.502 Thread 0x0000023b4acd1d40 nmethod 689 0x0000023b559fc890 code [0x0000023b559fca20, 0x0000023b559fcb40]
Event: 0.502 Thread 0x0000023b4acd1d40  694       4       java.lang.Character::digit (6 bytes)
Event: 0.503 Thread 0x0000023b62aa56c0  711       3       jdk.internal.util.ArraysSupport::vectorizedHashCode (158 bytes)
Event: 0.503 Thread 0x0000023b62c478a0  712       3       java.util.jar.Manifest$FastInputStream::readLine (296 bytes)
Event: 0.504 Thread 0x0000023b4acd1d40 nmethod 694 0x0000023b559fcc90 code [0x0000023b559fce20, 0x0000023b559fcf48]
Event: 0.504 Thread 0x0000023b62aa56c0 nmethod 711 0x0000023b4df29d10 code [0x0000023b4df2a020, 0x0000023b4df2b008]
Event: 0.504 Thread 0x0000023b4acd1d40  707       4       java.lang.AbstractStringBuilder::isLatin1 (19 bytes)
Event: 0.504 Thread 0x0000023b62c478a0 nmethod 712 0x0000023b4df2b390 code [0x0000023b4df2b5c0, 0x0000023b4df2be28]
Event: 0.504 Thread 0x0000023b4acd1d40 nmethod 707 0x0000023b559fd090 code [0x0000023b559fd220, 0x0000023b559fd2d0]
Event: 0.504 Thread 0x0000023b4acd1d40  708       4       lombok.patcher.scripts.MethodLevelPatchScript::patch (21 bytes)
Event: 0.505 Thread 0x0000023b642baf90 nmethod 696 0x0000023b559fd390 code [0x0000023b559fd560, 0x0000023b559fd948]
Event: 0.505 Thread 0x0000023b62aa56c0  713       3       java.util.Objects::checkFromIndexSize (8 bytes)
Event: 0.505 Thread 0x0000023b62aa56c0 nmethod 713 0x0000023b4df2c190 code [0x0000023b4df2c340, 0x0000023b4df2c548]
Event: 0.510 Thread 0x0000023b62aa56c0  715       3       sun.invoke.util.Wrapper::forPrimitiveType (122 bytes)
Event: 0.510 Thread 0x0000023b4acdd0f0  717       3       java.lang.Integer::rotateRight (9 bytes)
Event: 0.511 Thread 0x0000023b4acdd0f0 nmethod 717 0x0000023b4df2c690 code [0x0000023b4df2c820, 0x0000023b4df2c920]
Event: 0.511 Thread 0x0000023b62aa56c0 nmethod 715 0x0000023b4df2c990 code [0x0000023b4df2cc60, 0x0000023b4df2d740]

GC Heap History (0 events):
No events

Dll operation events (8 events):
Event: 0.018 Loaded shared library c:\Users\Jaswanth Maddi\.vscode\extensions\redhat.java-1.55.0-win32-x64\jre\21.0.11-win32-x86_64\bin\java.dll
Event: 0.099 Loaded shared library c:\Users\Jaswanth Maddi\.vscode\extensions\redhat.java-1.55.0-win32-x64\jre\21.0.11-win32-x86_64\bin\zip.dll
Event: 0.124 Loaded shared library C:\Users\Jaswanth Maddi\.vscode\extensions\redhat.java-1.55.0-win32-x64\jre\21.0.11-win32-x86_64\bin\instrument.dll
Event: 0.131 Loaded shared library C:\Users\Jaswanth Maddi\.vscode\extensions\redhat.java-1.55.0-win32-x64\jre\21.0.11-win32-x86_64\bin\net.dll
Event: 0.134 Loaded shared library C:\Users\Jaswanth Maddi\.vscode\extensions\redhat.java-1.55.0-win32-x64\jre\21.0.11-win32-x86_64\bin\nio.dll
Event: 0.136 Loaded shared library C:\Users\Jaswanth Maddi\.vscode\extensions\redhat.java-1.55.0-win32-x64\jre\21.0.11-win32-x86_64\bin\zip.dll
Event: 0.155 Loaded shared library C:\Users\Jaswanth Maddi\.vscode\extensions\redhat.java-1.55.0-win32-x64\jre\21.0.11-win32-x86_64\bin\jimage.dll
Event: 0.258 Loaded shared library c:\Users\Jaswanth Maddi\.vscode\extensions\redhat.java-1.55.0-win32-x64\jre\21.0.11-win32-x86_64\bin\verify.dll

Deoptimization events (20 events):
Event: 0.438 Thread 0x0000023b4ac250c0 Uncommon trap: trap_request=0xffffffde fr.pc=0x0000023b559f5a4c relative=0x000000000000012c
Event: 0.438 Thread 0x0000023b4ac250c0 Uncommon trap: reason=class_check action=maybe_recompile pc=0x0000023b559f5a4c method=jdk.internal.misc.Unsafe.allocateUninitializedArray(Ljava/lang/Class;I)Ljava/lang/Object; @ 51 c2
Event: 0.438 Thread 0x0000023b4ac250c0 DEOPT PACKING pc=0x0000023b559f5a4c sp=0x000000486e0fb9f0
Event: 0.438 Thread 0x0000023b4ac250c0 DEOPT UNPACKING pc=0x0000023b552c3aa2 sp=0x000000486e0fb968 mode 2
Event: 0.438 Thread 0x0000023b4ac250c0 Uncommon trap: trap_request=0xffffffde fr.pc=0x0000023b559f5a4c relative=0x000000000000012c
Event: 0.438 Thread 0x0000023b4ac250c0 Uncommon trap: reason=class_check action=maybe_recompile pc=0x0000023b559f5a4c method=jdk.internal.misc.Unsafe.allocateUninitializedArray(Ljava/lang/Class;I)Ljava/lang/Object; @ 51 c2
Event: 0.438 Thread 0x0000023b4ac250c0 DEOPT PACKING pc=0x0000023b559f5a4c sp=0x000000486e0fbb10
Event: 0.438 Thread 0x0000023b4ac250c0 DEOPT UNPACKING pc=0x0000023b552c3aa2 sp=0x000000486e0fba88 mode 2
Event: 0.438 Thread 0x0000023b4ac250c0 Uncommon trap: trap_request=0xffffffde fr.pc=0x0000023b559f5a4c relative=0x000000000000012c
Event: 0.438 Thread 0x0000023b4ac250c0 Uncommon trap: reason=class_check action=maybe_recompile pc=0x0000023b559f5a4c method=jdk.internal.misc.Unsafe.allocateUninitializedArray(Ljava/lang/Class;I)Ljava/lang/Object; @ 51 c2
Event: 0.438 Thread 0x0000023b4ac250c0 DEOPT PACKING pc=0x0000023b559f5a4c sp=0x000000486e0fc580
Event: 0.438 Thread 0x0000023b4ac250c0 DEOPT UNPACKING pc=0x0000023b552c3aa2 sp=0x000000486e0fc4f8 mode 2
Event: 0.448 Thread 0x0000023b4ac250c0 Uncommon trap: trap_request=0xffffff45 fr.pc=0x0000023b559f0eec relative=0x000000000000014c
Event: 0.448 Thread 0x0000023b4ac250c0 Uncommon trap: reason=unstable_if action=reinterpret pc=0x0000023b559f0eec method=jdk.internal.util.ArraysSupport.vectorizedHashCode(Ljava/lang/Object;IIII)I @ 2 c2
Event: 0.448 Thread 0x0000023b4ac250c0 DEOPT PACKING pc=0x0000023b559f0eec sp=0x000000486e0fd030
Event: 0.448 Thread 0x0000023b4ac250c0 DEOPT UNPACKING pc=0x0000023b552c3aa2 sp=0x000000486e0fcfe0 mode 2
Event: 0.464 Thread 0x0000023b4ac250c0 Uncommon trap: trap_request=0xffffff45 fr.pc=0x0000023b559e25d0 relative=0x00000000000000b0
Event: 0.464 Thread 0x0000023b4ac250c0 Uncommon trap: reason=unstable_if action=reinterpret pc=0x0000023b559e25d0 method=java.net.URI.match(CJJ)Z @ 45 c2
Event: 0.465 Thread 0x0000023b4ac250c0 DEOPT PACKING pc=0x0000023b559e25d0 sp=0x000000486e0fd1b0
Event: 0.465 Thread 0x0000023b4ac250c0 DEOPT UNPACKING pc=0x0000023b552c3aa2 sp=0x000000486e0fd118 mode 2

Classes loaded (20 events):
Event: 0.513 Loading class jdk/internal/icu/text/Normalizer2
Event: 0.514 Loading class jdk/internal/icu/text/Normalizer2 done
Event: 0.514 Loading class jdk/internal/icu/impl/Norm2AllModes
Event: 0.514 Loading class jdk/internal/icu/impl/Norm2AllModes done
Event: 0.514 Loading class jdk/internal/icu/impl/Norm2AllModes$NoopNormalizer2
Event: 0.514 Loading class jdk/internal/icu/impl/Norm2AllModes$NoopNormalizer2 done
Event: 0.514 Loading class jdk/internal/icu/impl/Norm2AllModes$NFKCSingleton
Event: 0.514 Loading class jdk/internal/icu/impl/Norm2AllModes$NFKCSingleton done
Event: 0.514 Loading class jdk/internal/icu/impl/Norm2AllModes$Norm2AllModesSingleton
Event: 0.514 Loading class jdk/internal/icu/impl/Norm2AllModes$Norm2AllModesSingleton done
Event: 0.514 Loading class jdk/internal/icu/impl/NormalizerImpl
Event: 0.515 Loading class jdk/internal/icu/impl/NormalizerImpl done
Event: 0.515 Loading class jdk/internal/icu/impl/NormalizerImpl$IsAcceptable
Event: 0.515 Loading class jdk/internal/icu/impl/ICUBinary$Authenticate
Event: 0.516 Loading class jdk/internal/icu/impl/ICUBinary$Authenticate done
Event: 0.516 Loading class jdk/internal/icu/impl/NormalizerImpl$IsAcceptable done
Event: 0.516 Loading class jdk/internal/icu/impl/ICUBinary
Event: 0.516 Loading class jdk/internal/icu/impl/ICUBinary done
Event: 0.516 Loading class jdk/internal/icu/impl/ICUBinary$1
Event: 0.516 Loading class jdk/internal/icu/impl/ICUBinary$1 done

Classes unloaded (0 events):
No events

Classes redefined (0 events):
No events

Internal exceptions (12 events):
Event: 0.093 Thread 0x0000023b4ac250c0 Exception <a 'java/lang/NoSuchMethodError'{0x00000000d57a9dd0}: 'void java.lang.invoke.DirectMethodHandle$Holder.invokeStatic(java.lang.Object, java.lang.Object, java.lang.Object)'> (0x00000000d57a9dd0) 
thrown [s\src\hotspot\share\interpreter\linkResolver.cpp, line 773]
Event: 0.148 Thread 0x0000023b4ac250c0 Exception <a 'java/lang/NoSuchMethodError'{0x00000000d5a141f8}: 'java.lang.Object java.lang.invoke.Invokers$Holder.invokeExact_MT(java.lang.Object, java.lang.Object, java.lang.Object, java.lang.Object, java.lang.Object)'> (0x00000000d5a141f8) 
thrown [s\src\hotspot\share\interpreter\linkResolver.cpp, line 773]
Event: 0.193 Thread 0x0000023b4ac250c0 Exception <a 'java/lang/NoSuchMethodError'{0x00000000d5acf368}: 'int java.lang.invoke.DirectMethodHandle$Holder.invokeSpecial(java.lang.Object, java.lang.Object, java.lang.Object, int)'> (0x00000000d5acf368) 
thrown [s\src\hotspot\share\interpreter\linkResolver.cpp, line 773]
Event: 0.197 Thread 0x0000023b4ac250c0 Exception <a 'java/lang/NoSuchMethodError'{0x00000000d5ae1d50}: 'java.lang.Object java.lang.invoke.DirectMethodHandle$Holder.invokeStatic(java.lang.Object, java.lang.Object, java.lang.Object, java.lang.Object, int)'> (0x00000000d5ae1d50) 
thrown [s\src\hotspot\share\interpreter\linkResolver.cpp, line 773]
Event: 0.199 Thread 0x0000023b4ac250c0 Exception <a 'java/lang/NoSuchMethodError'{0x00000000d5aed190}: 'void java.lang.invoke.DelegatingMethodHandle$Holder.reinvoke_L(java.lang.Object, java.lang.Object, java.lang.Object, int, java.lang.Object)'> (0x00000000d5aed190) 
thrown [s\src\hotspot\share\interpreter\linkResolver.cpp, line 773]
Event: 0.200 Thread 0x0000023b4ac250c0 Exception <a 'java/lang/NoSuchMethodError'{0x00000000d5af0bc8}: 'int java.lang.invoke.DirectMethodHandle$Holder.invokeSpecial(java.lang.Object, java.lang.Object, java.lang.Object)'> (0x00000000d5af0bc8) 
thrown [s\src\hotspot\share\interpreter\linkResolver.cpp, line 773]
Event: 0.206 Thread 0x0000023b4ac250c0 Exception <a 'java/lang/NoSuchMethodError'{0x00000000d5b098b8}: 'java.lang.Object java.lang.invoke.DirectMethodHandle$Holder.invokeStatic(java.lang.Object, java.lang.Object, int)'> (0x00000000d5b098b8) 
thrown [s\src\hotspot\share\interpreter\linkResolver.cpp, line 773]
Event: 0.207 Thread 0x0000023b4ac250c0 Exception <a 'java/lang/NoSuchMethodError'{0x00000000d5b0e208}: 'void java.lang.invoke.DirectMethodHandle$Holder.invokeStatic(java.lang.Object, java.lang.Object, int, java.lang.Object)'> (0x00000000d5b0e208) 
thrown [s\src\hotspot\share\interpreter\linkResolver.cpp, line 773]
Event: 0.208 Thread 0x0000023b4ac250c0 Exception <a 'java/lang/NoSuchMethodError'{0x00000000d5b92008}: 'void java.lang.invoke.DirectMethodHandle$Holder.invokeSpecial(java.lang.Object, java.lang.Object, java.lang.Object, int, java.lang.Object)'> (0x00000000d5b92008) 
thrown [s\src\hotspot\share\interpreter\linkResolver.cpp, line 773]
Event: 0.208 Thread 0x0000023b4ac250c0 Exception <a 'java/lang/NoSuchMethodError'{0x00000000d5b95478}: 'void java.lang.invoke.DelegatingMethodHandle$Holder.delegate(java.lang.Object, java.lang.Object, int, java.lang.Object)'> (0x00000000d5b95478) 
thrown [s\src\hotspot\share\interpreter\linkResolver.cpp, line 773]
Event: 0.286 Thread 0x0000023b4ac250c0 Exception <a 'java/lang/NoSuchMethodError'{0x00000000d5d63150}: 'void java.lang.invoke.DelegatingMethodHandle$Holder.reinvoke_L(java.lang.Object, java.lang.Object, java.lang.Object, int)'> (0x00000000d5d63150) 
thrown [s\src\hotspot\share\interpreter\linkResolver.cpp, line 773]
Event: 0.437 Thread 0x0000023b4ac250c0 Exception <a 'java/lang/NoSuchMethodError'{0x00000000d61feb08}: 'void java.lang.invoke.DirectMethodHandle$Holder.invokeVirtual(java.lang.Object, java.lang.Object)'> (0x00000000d61feb08) 
thrown [s\src\hotspot\share\interpreter\linkResolver.cpp, line 773]

ZGC Phase Switch (0 events):
No events

VM Operations (4 events):
Event: 0.097 Executing non-safepoint VM operation: HandshakeAllThreads (Deoptimize)
Event: 0.097 Executing non-safepoint VM operation: HandshakeAllThreads (Deoptimize) done
Event: 0.171 Executing non-safepoint VM operation: HandshakeAllThreads (Deoptimize)
Event: 0.171 Executing non-safepoint VM operation: HandshakeAllThreads (Deoptimize) done

Memory protections (0 events):
No events

Nmethod flushes (0 events):
No events

Events (16 events):
Event: 0.036 Thread 0x0000023b4ac250c0 Thread added: 0x0000023b4ac250c0
Event: 0.059 Thread 0x0000023b4ac250c0 Thread added: 0x0000023b4abce330
Event: 0.059 Thread 0x0000023b4ac250c0 Thread added: 0x0000023b4acc75a0
Event: 0.060 Thread 0x0000023b4ac250c0 Thread added: 0x0000023b4acc9fe0
Event: 0.060 Thread 0x0000023b4ac250c0 Thread added: 0x0000023b4accaa40
Event: 0.060 Thread 0x0000023b4ac250c0 Thread added: 0x0000023b4accca00
Event: 0.061 Thread 0x0000023b4ac250c0 Thread added: 0x0000023b4accd460
Event: 0.061 Thread 0x0000023b4ac250c0 Thread added: 0x0000023b4acd1d40
Event: 0.061 Thread 0x0000023b4ac250c0 Thread added: 0x0000023b4acdd0f0
Event: 0.096 Thread 0x0000023b4acdd0f0 Thread added: 0x0000023b62aa3340
Event: 0.097 Thread 0x0000023b4acdd0f0 Thread added: 0x0000023b62aa56c0
Event: 0.127 Thread 0x0000023b4ac250c0 Thread added: 0x0000023b62bf1840
Event: 0.165 Thread 0x0000023b4acdd0f0 Thread added: 0x0000023b62c478a0
Event: 0.237 Thread 0x0000023b4acd1d40 Thread added: 0x0000023b62cf8af0
Event: 0.372 Thread 0x0000023b4ac250c0 Thread added: 0x0000023b62d1d9c0
Event: 0.484 Thread 0x0000023b62cf8af0 Thread added: 0x0000023b642baf90


Dynamic libraries:
0x00007ff668780000 - 0x00007ff66878e000 	c:\Users\Jaswanth Maddi\.vscode\extensions\redhat.java-1.55.0-win32-x64\jre\21.0.11-win32-x86_64\bin\java.exe
0x00007ffe0f120000 - 0x00007ffe0f386000 	C:\WINDOWS\SYSTEM32\ntdll.dll
0x00007ffe0dfe0000 - 0x00007ffe0e0a9000 	C:\WINDOWS\System32\KERNEL32.DLL
0x00007ffe0c330000 - 0x00007ffe0c72f000 	C:\WINDOWS\System32\KERNELBASE.dll
0x00007ffe0cac0000 - 0x00007ffe0cc0c000 	C:\WINDOWS\System32\ucrtbase.dll
0x00007ffd3be30000 - 0x00007ffd3be48000 	c:\Users\Jaswanth Maddi\.vscode\extensions\redhat.java-1.55.0-win32-x64\jre\21.0.11-win32-x86_64\bin\jli.dll
0x00007ffd3be10000 - 0x00007ffd3be2e000 	c:\Users\Jaswanth Maddi\.vscode\extensions\redhat.java-1.55.0-win32-x64\jre\21.0.11-win32-x86_64\bin\VCRUNTIME140.dll
0x00007ffe0e0b0000 - 0x00007ffe0e276000 	C:\WINDOWS\System32\USER32.dll
0x00007ffe0ce20000 - 0x00007ffe0ce47000 	C:\WINDOWS\System32\win32u.dll
0x00007ffde8f50000 - 0x00007ffde91e1000 	C:\WINDOWS\WinSxS\amd64_microsoft.windows.common-controls_6595b64144ccf1df_6.0.26100.8972_none_3e0da176e32f9d4b\COMCTL32.dll
0x00007ffe0e790000 - 0x00007ffe0e7bb000 	C:\WINDOWS\System32\GDI32.dll
0x00007ffe0df30000 - 0x00007ffe0dfd9000 	C:\WINDOWS\System32\msvcrt.dll
0x00007ffe0c740000 - 0x00007ffe0c869000 	C:\WINDOWS\System32\gdi32full.dll
0x00007ffe0cd70000 - 0x00007ffe0ce13000 	C:\WINDOWS\System32\msvcp_win.dll
0x00007ffe0de20000 - 0x00007ffe0de52000 	C:\WINDOWS\System32\IMM32.DLL
0x00007ffdbae00000 - 0x00007ffdbae0c000 	c:\Users\Jaswanth Maddi\.vscode\extensions\redhat.java-1.55.0-win32-x64\jre\21.0.11-win32-x86_64\bin\vcruntime140_1.dll
0x00007ffd3bd80000 - 0x00007ffd3be0d000 	c:\Users\Jaswanth Maddi\.vscode\extensions\redhat.java-1.55.0-win32-x64\jre\21.0.11-win32-x86_64\bin\msvcp140.dll
0x00007ffd3afd0000 - 0x00007ffd3bd72000 	c:\Users\Jaswanth Maddi\.vscode\extensions\redhat.java-1.55.0-win32-x64\jre\21.0.11-win32-x86_64\bin\server\jvm.dll
0x00007ffe0de60000 - 0x00007ffe0df1c000 	C:\WINDOWS\System32\ADVAPI32.dll
0x00007ffe0dce0000 - 0x00007ffe0dd89000 	C:\WINDOWS\System32\sechost.dll
0x00007ffe0e420000 - 0x00007ffe0e538000 	C:\WINDOWS\System32\RPCRT4.dll
0x00007ffe0db50000 - 0x00007ffe0dbd2000 	C:\WINDOWS\System32\WS2_32.dll
0x00007ffe0c190000 - 0x00007ffe0c1ee000 	C:\WINDOWS\SYSTEM32\POWRPROF.dll
0x00007ffe0a610000 - 0x00007ffe0a646000 	C:\WINDOWS\SYSTEM32\WINMM.dll
0x00007ffdffd50000 - 0x00007ffdffd5b000 	C:\WINDOWS\SYSTEM32\VERSION.dll
0x00007ffe0c170000 - 0x00007ffe0c185000 	C:\WINDOWS\SYSTEM32\UMPDC.dll
0x00007ffe0b020000 - 0x00007ffe0b03b000 	C:\WINDOWS\SYSTEM32\kernel.appcore.dll
0x00007ffdb5970000 - 0x00007ffdb597a000 	c:\Users\Jaswanth Maddi\.vscode\extensions\redhat.java-1.55.0-win32-x64\jre\21.0.11-win32-x86_64\bin\jimage.dll
0x00007ffe095b0000 - 0x00007ffe097f2000 	C:\WINDOWS\SYSTEM32\DBGHELP.DLL
0x00007ffe0ce50000 - 0x00007ffe0d1d5000 	C:\WINDOWS\System32\combase.dll
0x00007ffe0d950000 - 0x00007ffe0da29000 	C:\WINDOWS\System32\OLEAUT32.dll
0x00007ffe0a5a0000 - 0x00007ffe0a5db000 	C:\WINDOWS\SYSTEM32\dbgcore.DLL
0x00007ffe0cc20000 - 0x00007ffe0cccc000 	C:\WINDOWS\System32\bcryptPrimitives.dll
0x00007ffdad580000 - 0x00007ffdad58f000 	c:\Users\Jaswanth Maddi\.vscode\extensions\redhat.java-1.55.0-win32-x64\jre\21.0.11-win32-x86_64\bin\instrument.dll
0x00007ffd3aed0000 - 0x00007ffd3aef0000 	c:\Users\Jaswanth Maddi\.vscode\extensions\redhat.java-1.55.0-win32-x64\jre\21.0.11-win32-x86_64\bin\java.dll
0x00007ffe0e7c0000 - 0x00007ffe0ef48000 	C:\WINDOWS\System32\SHELL32.dll
0x00007ffe09c30000 - 0x00007ffe0a4cb000 	C:\WINDOWS\SYSTEM32\windows.storage.dll
0x00007ffe0da50000 - 0x00007ffe0db49000 	C:\WINDOWS\System32\SHCORE.dll
0x00007ffe0d670000 - 0x00007ffe0d6d6000 	C:\WINDOWS\System32\shlwapi.dll
0x00007ffe0c250000 - 0x00007ffe0c279000 	C:\WINDOWS\SYSTEM32\profapi.dll
0x00007ffd3e490000 - 0x00007ffd3e4a8000 	c:\Users\Jaswanth Maddi\.vscode\extensions\redhat.java-1.55.0-win32-x64\jre\21.0.11-win32-x86_64\bin\zip.dll
0x00007ffdad860000 - 0x00007ffdad870000 	C:\Users\Jaswanth Maddi\.vscode\extensions\redhat.java-1.55.0-win32-x64\jre\21.0.11-win32-x86_64\bin\net.dll
0x00007ffe01ef0000 - 0x00007ffe02017000 	C:\WINDOWS\SYSTEM32\WINHTTP.dll
0x00007ffe0b5d0000 - 0x00007ffe0b63c000 	C:\WINDOWS\system32\mswsock.dll
0x00007ffd3dc50000 - 0x00007ffd3dc66000 	C:\Users\Jaswanth Maddi\.vscode\extensions\redhat.java-1.55.0-win32-x64\jre\21.0.11-win32-x86_64\bin\nio.dll
0x00007ffdad040000 - 0x00007ffdad050000 	c:\Users\Jaswanth Maddi\.vscode\extensions\redhat.java-1.55.0-win32-x64\jre\21.0.11-win32-x86_64\bin\verify.dll

JVMTI agents:
c:\Users\Jaswanth Maddi\.vscode\extensions\redhat.java-1.55.0-win32-x64\lombok\lombok-1.18.39-4050.jar path:c:\Users\Jaswanth Maddi\.vscode\extensions\redhat.java-1.55.0-win32-x64\jre\21.0.11-win32-x86_64\bin\instrument.dll, loaded, initialized, instrumentlib options:none

dbghelp: loaded successfully - version: 4.0.5 - missing functions: none
symbol engine: initialized successfully - sym options: 0x614 - pdb path: .;c:\Users\Jaswanth Maddi\.vscode\extensions\redhat.java-1.55.0-win32-x64\jre\21.0.11-win32-x86_64\bin;C:\WINDOWS\SYSTEM32;C:\WINDOWS\WinSxS\amd64_microsoft.windows.common-controls_6595b64144ccf1df_6.0.26100.8972_none_3e0da176e32f9d4b;c:\Users\Jaswanth Maddi\.vscode\extensions\redhat.java-1.55.0-win32-x64\jre\21.0.11-win32-x86_64\bin\server

VM Arguments:
jvm_args: --add-modules=ALL-SYSTEM --add-opens=java.base/java.util=ALL-UNNAMED --add-opens=java.base/java.lang=ALL-UNNAMED --add-opens=java.base/sun.nio.fs=ALL-UNNAMED -Declipse.application=org.eclipse.jdt.ls.core.id1 -Dosgi.bundles.defaultStartLevel=4 -Declipse.product=org.eclipse.jdt.ls.core.product -Djava.import.generatesMetadataFilesAtProjectRoot=false -DDetectVMInstallationsJob.disabled=true -Dfile.encoding=utf8 -XX:+UseParallelGC -XX:GCTimeRatio=4 -XX:AdaptiveSizePolicyWeight=90 -Dsun.zip.disableMemoryMapping=true -Xmx2G -Xms100m -Xlog:disable -javaagent:c:\Users\Jaswanth Maddi\.vscode\extensions\redhat.java-1.55.0-win32-x64\lombok\lombok-1.18.39-4050.jar -XX:+HeapDumpOnOutOfMemoryError -XX:HeapDumpPath=c:\Users\Jaswanth Maddi\AppData\Roaming\Code\User\workspaceStorage\32d9f4f78d943bf75b962dcedb8b0335\redhat.java -Daether.dependencyCollector.impl=bf 
java_command: c:\Users\Jaswanth Maddi\.vscode\extensions\redhat.java-1.55.0-win32-x64\server\plugins\org.eclipse.equinox.launcher_1.7.200.v20260619-2039.jar -configuration c:\Users\Jaswanth Maddi\AppData\Roaming\Code\User\globalStorage\redhat.java\1.55.0\config_win -data c:\Users\Jaswanth Maddi\AppData\Roaming\Code\User\workspaceStorage\32d9f4f78d943bf75b962dcedb8b0335\redhat.java\jdt_ws --pipe=\\.\pipe\lsp-5b840f221d121e517b45d16531610533-sock
java_class_path (initial): c:\Users\Jaswanth Maddi\.vscode\extensions\redhat.java-1.55.0-win32-x64\server\plugins\org.eclipse.equinox.launcher_1.7.200.v20260619-2039.jar
Launcher Type: SUN_STANDARD

[Global flags]
    uintx AdaptiveSizePolicyWeight                 = 90                                        {product} {command line}
     intx CICompilerCount                          = 12                                        {product} {ergonomic}
    uintx GCTimeRatio                              = 4                                         {product} {command line}
     bool HeapDumpOnOutOfMemoryError               = true                                   {manageable} {command line}
    ccstr HeapDumpPath                             = c:\Users\Jaswanth Maddi\AppData\Roaming\Code\User\workspaceStorage\32d9f4f78d943bf75b962dcedb8b0335\redhat.java         {manageable} {command line}
   size_t InitialHeapSize                          = 104857600                                 {product} {command line}
   size_t MaxHeapSize                              = 2147483648                                {product} {command line}
   size_t MaxNewSize                               = 715653120                                 {product} {ergonomic}
   size_t MinHeapDeltaBytes                        = 524288                                    {product} {ergonomic}
   size_t MinHeapSize                              = 104857600                                 {product} {command line}
   size_t NewSize                                  = 34603008                                  {product} {ergonomic}
    uintx NonNMethodCodeHeapSize                   = 7602480                                {pd product} {ergonomic}
    uintx NonProfiledCodeHeapSize                  = 122027880                              {pd product} {ergonomic}
   size_t OldSize                                  = 70254592                                  {product} {ergonomic}
    uintx ProfiledCodeHeapSize                     = 122027880                              {pd product} {ergonomic}
    uintx ReservedCodeCacheSize                    = 251658240                              {pd product} {ergonomic}
     bool SegmentedCodeCache                       = true                                      {product} {ergonomic}
   size_t SoftMaxHeapSize                          = 2147483648                             {manageable} {ergonomic}
     bool UseCompressedOops                        = true                           {product lp64_product} {ergonomic}
     bool UseLargePagesIndividualAllocation        = false                                  {pd product} {ergonomic}
     bool UseParallelGC                            = true                                      {product} {command line}

Logging:
Log output configuration:
 #0: stdout all=off uptime,level,tags foldmultilines=false
 #1: stderr all=off uptime,level,tags foldmultilines=false

Release file:
JAVA_VERSION="21.0.11" 
MODULES="java.base java.compiler java.datatransfer java.xml java.prefs java.desktop java.instrument java.logging java.management java.security.sasl java.naming java.rmi java.management.rmi java.net.http java.scripting java.security.jgss java.transaction.xa java.sql java.sql.rowset java.xml.crypto java.se java.smartcardio jdk.accessibility jdk.internal.jvmstat jdk.attach jdk.charsets jdk.internal.opt jdk.zipfs jdk.compiler jdk.crypto.ec jdk.crypto.cryptoki jdk.crypto.mscapi jdk.dynalink jdk.internal.ed jdk.editpad jdk.hotspot.agent jdk.httpserver jdk.internal.le jdk.internal.vm.ci jdk.internal.vm.compiler jdk.internal.vm.compiler.management jdk.jartool jdk.javadoc jdk.jcmd jdk.management jdk.management.agent jdk.jconsole jdk.jdeps jdk.jdwp.agent jdk.jdi jdk.jfr jdk.jshell jdk.jsobject jdk.jstatd jdk.localedata jdk.management.jfr jdk.naming.dns jdk.naming.rmi jdk.net jdk.nio.mapmode jdk.random jdk.sctp jdk.security.auth jdk.security.jgss jdk.unsupported jdk.unsupported.desktop jdk.xml.dom" 

Environment Variables:
JAVA_HOME=C:\Program Files\Microsoft\jdk-17.0.20.8-hotspot\
PATH=C:\Program Files\Microsoft\jdk-17.0.20.8-hotspot\bin;C:\Program Files\Common Files\Oracle\Java\javapath;C:\Program Files (x86)\VMware\VMware Player\bin\;C:\Windows\system32;C:\Windows;C:\Windows\System32\Wbem;C:\Windows\System32\WindowsPowerShell\v1.0\;C:\Windows\System32\OpenSSH\;C:\Program Files\dotnet\;C:\Program Files (x86)\NVIDIA Corporation\PhysX\Common;C:\WINDOWS\system32;C:\WINDOWS;C:\WINDOWS\System32\Wbem;C:\WINDOWS\System32\WindowsPowerShell\v1.0\;C:\WINDOWS\System32\OpenSSH\;C:\Program Files\Git\cmd;C:\Users\Jaswanth Maddi\AppData\Local\nvm;C:\nvm4w\nodejs;C:\Program Files\nodejs\;C:\ProgramData\chocolatey\bin;C:\androidsdk1\tools;C:\Users\Jaswanth Maddi\AppData\Local\Programs\Python\Python314\Scripts\;C:\Users\Jaswanth Maddi\AppData\Local\Programs\Python\Python314\;C:\Users\Jaswanth Maddi\AppData\Local\Microsoft\WindowsApps;C:\Users\Jaswanth Maddi\AppData\Local\JetBrains\PyCharm 2023.3.2\bin;;C:\Users\Jaswanth Maddi\AppData\Local\Programs\MiKTeX\miktex\bin\x64\;C:\Users\Jaswanth Maddi\AppData\Local\Programs\Microsoft VS Code\bin;C:\Users\Jaswanth Maddi\AppData\Local\Microsoft\WinGet\Packages\astral-sh.uv_Microsoft.Winget.Source_8wekyb3d8bbwe;C:\Users\Jaswanth Maddi\AppData\Local\nvm;C:\nvm4w\nodejs;C:\Users\Jaswanth Maddi\AppData\Roaming\npm;C:\androidsdk1;;C:\androidsdk1\platform-tools;C:\androidsdk1\emulator;C:\androidsdk1\cmdline-tools\latest\bin
USERNAME=Jaswanth Maddi
OS=Windows_NT
PROCESSOR_IDENTIFIER=Intel64 Family 6 Model 154 Stepping 3, GenuineIntel
TMP=C:\Users\Jaswanth Maddi\AppData\Local\Temp
TEMP=C:\Users\Jaswanth Maddi\AppData\Local\Temp




Periodic native trim disabled

---------------  S Y S T E M  ---------------

OS:
 Windows 11 , 64 bit Build 26100 (10.0.26100.8972)
OS uptime: 1 days 23:52 hours
Hyper-V role detected

CPU: total 16 (initial active 16) (8 cores per cpu, 2 threads per core) family 6 model 154 stepping 3 microcode 0x43b, cx8, cmov, fxsr, ht, mmx, 3dnowpref, sse, sse2, sse3, ssse3, sse4.1, sse4.2, popcnt, lzcnt, tsc, tscinvbit, avx, avx2, aes, erms, clmul, bmi1, bmi2, adx, sha, fma, vzeroupper, clflush, clflushopt, clwb, hv, serialize, rdtscp, rdpid, fsrm, f16c, cet_ibt, cet_ss
Processor Information for the first 16 processors :
  Max Mhz: 2100, Current Mhz: 2100, Mhz Limit: 2100

Memory: 4k page, system-wide physical 16068M (1508M free)
TotalPageFile size 30084M (AvailPageFile size 5M)
current process WorkingSet (physical memory assigned to process): 63M, peak: 63M
current process commit charge ("private bytes"): 247M, peak: 247M

vm_info: OpenJDK 64-Bit Server VM (21.0.11+10-LTS) for windows-amd64 JRE (21.0.11+10-LTS), built on 2026-04-21T00:00:00Z by "admin" with MS VC++ 17.12 (VS2022)

END.
